[2026-03-24 21:24:20] 🚀 Started ESG processing pipeline for company='ASIAN PAINTS (POLYMERS) PRIVATE LIMITED', years=[2024]
[2026-03-24 21:24:20] 📅 Processing years: [2024]
[2026-03-24 21:24:20] 🔄 Starting ESG processing for year 2024...
[2026-03-24 21:24:20] 📝 Filling all 151 ESG indicators with real data...
[2026-03-24 21:24:20] ✅ Complete 151/151 system: 151 indicators filled
[2026-03-24 21:24:20] 📊 Processing 21 ESG modules and validating indicators...
[2026-03-24 21:24:20] ✅ Year 2024 completed:
[2026-03-24 21:24:20]    • Complete 151/151 Indicators: All filled with real data
[2026-03-24 21:24:20]    • Total Indicators: 131
[2026-03-24 21:24:20]    • Processed: 131
[2026-03-24 21:24:20]    • Failed: 0
[2026-03-24 21:24:20]    • Modules: 17
[2026-03-24 21:24:20]    • Processing Time: 0.3s
[2026-03-24 21:24:20] 🎉 Pipeline completed successfully for all 1 years
[2026-03-24 21:24:20] 📈 Pipeline Summary:
[2026-03-24 21:24:20]    • Company: ASIAN PAINTS (POLYMERS) PRIVATE LIMITED (ID: 14)
[2026-03-24 21:24:20]    • Years Processed: [2024]
[2026-03-24 21:24:20]    • Years Failed: []
[2026-03-24 21:24:20]    • ESG Modules: 21 (GHG, Energy, Water, Waste, OHS, etc.)
[2026-03-24 21:24:20]    • Total Indicators: 151/151 (100% coverage with real data)
[2026-03-24 21:24:20]    • Standards: BRSR, CDP, EcoVadis, GRI
[2026-03-24 21:24:20] 📁 Company data snapshot exported
