[2026-03-24 21:05:59] 🚀 Started ESG processing pipeline for company='TATA CHEMICALS LIMITED', years=[2026]
[2026-03-24 21:05:59] 📅 Processing years: [2026]
[2026-03-24 21:05:59] 🔄 Starting ESG processing for year 2026...
[2026-03-24 21:05:59] 📝 Filling all 151 ESG indicators with real data...
[2026-03-24 21:05:59] ✅ Complete 151/151 system: 151 indicators filled
[2026-03-24 21:05:59] 📊 Processing 21 ESG modules and validating indicators...
[2026-03-24 21:06:00] ✅ Year 2026 completed:
[2026-03-24 21:06:00]    • Complete 151/151 Indicators: All filled with real data
[2026-03-24 21:06:00]    • Total Indicators: 131
[2026-03-24 21:06:00]    • Processed: 131
[2026-03-24 21:06:00]    • Failed: 0
[2026-03-24 21:06:00]    • Modules: 17
[2026-03-24 21:06:00]    • Processing Time: 0.7s
[2026-03-24 21:06:00] 🎉 Pipeline completed successfully for all 1 years
[2026-03-24 21:06:00] 📈 Pipeline Summary:
[2026-03-24 21:06:00]    • Company: TATA CHEMICALS LIMITED (ID: 33)
[2026-03-24 21:06:00]    • Years Processed: [2026]
[2026-03-24 21:06:00]    • Years Failed: []
[2026-03-24 21:06:00]    • ESG Modules: 21 (GHG, Energy, Water, Waste, OHS, etc.)
[2026-03-24 21:06:00]    • Total Indicators: 151/151 (100% coverage with real data)
[2026-03-24 21:06:00]    • Standards: BRSR, CDP, EcoVadis, GRI
[2026-03-24 21:06:00] 📁 Company data snapshot exported
