[2026-03-24 21:05:54] 🚀 Started ESG processing pipeline for company='BANK OF BARODA', years=[2026]
[2026-03-24 21:05:54] 📅 Processing years: [2026]
[2026-03-24 21:05:54] 🔄 Starting ESG processing for year 2026...
[2026-03-24 21:05:54] 📝 Filling all 151 ESG indicators with real data...
[2026-03-24 21:05:54] ✅ Complete 151/151 system: 151 indicators filled
[2026-03-24 21:05:54] 📊 Processing 21 ESG modules and validating indicators...
[2026-03-24 21:05:55] ✅ Year 2026 completed:
[2026-03-24 21:05:55]    • Complete 151/151 Indicators: All filled with real data
[2026-03-24 21:05:55]    • Total Indicators: 131
[2026-03-24 21:05:55]    • Processed: 131
[2026-03-24 21:05:55]    • Failed: 0
[2026-03-24 21:05:55]    • Modules: 17
[2026-03-24 21:05:55]    • Processing Time: 0.7s
[2026-03-24 21:05:55] 🎉 Pipeline completed successfully for all 1 years
[2026-03-24 21:05:55] 📈 Pipeline Summary:
[2026-03-24 21:05:55]    • Company: BANK OF BARODA (ID: 26)
[2026-03-24 21:05:55]    • Years Processed: [2026]
[2026-03-24 21:05:55]    • Years Failed: []
[2026-03-24 21:05:55]    • ESG Modules: 21 (GHG, Energy, Water, Waste, OHS, etc.)
[2026-03-24 21:05:55]    • Total Indicators: 151/151 (100% coverage with real data)
[2026-03-24 21:05:55]    • Standards: BRSR, CDP, EcoVadis, GRI
[2026-03-24 21:05:55] 📁 Company data snapshot exported
