[2026-03-26 06:18:59] 🚀 Started ESG processing pipeline for company='Infosys Limited', years=[2022]
[2026-03-26 06:18:59] 📅 Processing years: [2022]
[2026-03-26 06:18:59] 🔄 Starting ESG processing for year 2022...
[2026-03-26 06:18:59] 📂 Collecting real ESG documents from online sources...
[2026-03-26 06:19:05] ✅ Document collection: 0 documents collected from real sources
[2026-03-26 06:19:05] 📊 Processing TARGET 151 ESG indicators with enhanced real data system...
[2026-03-26 06:19:05] ✅ TARGET 151 INDICATORS: 0/151 found (0.0% coverage) - PARTIAL
[2026-03-26 06:19:05]    • Modules: 0 complete, 0 partial, 21 empty
[2026-03-26 06:19:05]    • Missing: 151 indicators (first 3: IMP-M01-I01, IMP-M01-I02, IMP-M01-I03...)
[2026-03-26 06:19:05] ⚠️ Enhanced Real Data Processing: Need more data sources for complete coverage
[2026-03-26 06:19:05] 📊 Processing 21 ESG modules and validating indicators...
[2026-03-26 06:19:07] ✅ Year 2022 completed:
[2026-03-26 06:19:07]    • Target 151 Indicators: 1/151 found (0.7% coverage)
[2026-03-26 06:19:07]    • Total Indicators: 131
[2026-03-26 06:19:07]    • Processed: 131
[2026-03-26 06:19:07]    • Failed: 0
[2026-03-26 06:19:07]    • Modules: 17
[2026-03-26 06:19:07]    • Processing Time: 1.4s
[2026-03-26 06:19:07] 💾 Automatically saving data sources for 2022...
[2026-03-26 06:19:07] ✅ Data sources saved: 1 indicators from 1 sources
[2026-03-26 06:19:07]    • Report saved: Infosys_Limited_2022_data_sources
[2026-03-26 06:19:07]    • Coverage: 0.7%
[2026-03-26 06:19:07] 🎉 Pipeline completed successfully for all 1 years
[2026-03-26 06:19:07] 📈 Pipeline Summary:
[2026-03-26 06:19:07]    • Company: Infosys Limited (ID: 46)
[2026-03-26 06:19:07]    • Years Processed: [2022]
[2026-03-26 06:19:07]    • Years Failed: []
[2026-03-26 06:19:07]    • ESG Modules: 21 (GHG, Energy, Water, Waste, OHS, etc.)
[2026-03-26 06:19:07]    • TARGET 151 Indicators: 1/151 (0.7% coverage with real data)
[2026-03-26 06:19:07]    • Standards: BRSR, CDP, EcoVadis, GRI
[2026-03-26 06:19:07] 💾 Data sources automatically saved for all processed years
[2026-03-26 06:19:07] 📁 Company data snapshot exported
