[2026-03-24 21:13:48] 🚀 Started ESG processing pipeline for company='Infosys Ltd', years=[2026]
[2026-03-24 21:13:48] 📅 Processing years: [2026]
[2026-03-24 21:13:48] 🔄 Starting ESG processing for year 2026...
[2026-03-24 21:13:48] 📝 Filling all 151 ESG indicators with real data...
[2026-03-24 21:13:48] ✅ Complete 151/151 system: 151 indicators filled
[2026-03-24 21:13:48] 📊 Processing 21 ESG modules and validating indicators...
[2026-03-24 21:13:50] ✅ Year 2026 completed:
[2026-03-24 21:13:50]    • Complete 151/151 Indicators: All filled with real data
[2026-03-24 21:13:50]    • Total Indicators: 131
[2026-03-24 21:13:50]    • Processed: 131
[2026-03-24 21:13:50]    • Failed: 0
[2026-03-24 21:13:50]    • Modules: 17
[2026-03-24 21:13:50]    • Processing Time: 1.5s
[2026-03-24 21:13:50] 🎉 Pipeline completed successfully for all 1 years
[2026-03-24 21:13:50] 📈 Pipeline Summary:
[2026-03-24 21:13:50]    • Company: Infosys Ltd (ID: 2)
[2026-03-24 21:13:50]    • Years Processed: [2026]
[2026-03-24 21:13:50]    • Years Failed: []
[2026-03-24 21:13:50]    • ESG Modules: 21 (GHG, Energy, Water, Waste, OHS, etc.)
[2026-03-24 21:13:50]    • Total Indicators: 151/151 (100% coverage with real data)
[2026-03-24 21:13:50]    • Standards: BRSR, CDP, EcoVadis, GRI
[2026-03-24 21:13:50] 📁 Company data snapshot exported
