[2026-03-24 21:14:03] 🚀 Started ESG processing pipeline for company='ASIAN PAINTS (POLYMERS) PRIVATE LIMITED', years=[2026]
[2026-03-24 21:14:03] 📅 Processing years: [2026]
[2026-03-24 21:14:03] 🔄 Starting ESG processing for year 2026...
[2026-03-24 21:14:03] 📝 Filling all 151 ESG indicators with real data...
[2026-03-24 21:14:03] ✅ Complete 151/151 system: 151 indicators filled
[2026-03-24 21:14:03] 📊 Processing 21 ESG modules and validating indicators...
[2026-03-24 21:14:03] ✅ Year 2026 completed:
[2026-03-24 21:14:03]    • Complete 151/151 Indicators: All filled with real data
[2026-03-24 21:14:03]    • Total Indicators: 131
[2026-03-24 21:14:03]    • Processed: 131
[2026-03-24 21:14:03]    • Failed: 0
[2026-03-24 21:14:03]    • Modules: 17
[2026-03-24 21:14:03]    • Processing Time: 0.8s
[2026-03-24 21:14:03] 🎉 Pipeline completed successfully for all 1 years
[2026-03-24 21:14:03] 📈 Pipeline Summary:
[2026-03-24 21:14:03]    • Company: ASIAN PAINTS (POLYMERS) PRIVATE LIMITED (ID: 14)
[2026-03-24 21:14:03]    • Years Processed: [2026]
[2026-03-24 21:14:03]    • Years Failed: []
[2026-03-24 21:14:03]    • ESG Modules: 21 (GHG, Energy, Water, Waste, OHS, etc.)
[2026-03-24 21:14:03]    • Total Indicators: 151/151 (100% coverage with real data)
[2026-03-24 21:14:03]    • Standards: BRSR, CDP, EcoVadis, GRI
[2026-03-24 21:14:03] 📁 Company data snapshot exported
