[2026-03-26 13:40:16] 🚀 Started ESG processing pipeline for company='ASIAN PAINTS (POLYMERS) PRIVATE LIMITED', years=[2024]
[2026-03-26 13:40:16] 📅 Processing years: [2024]
[2026-03-26 13:40:16] 🔄 Starting ESG processing for year 2024...
[2026-03-26 13:40:16] 📂 Collecting real ESG documents from online sources...
[2026-03-26 13:40:22] ✅ Document collection: 0 documents collected from real sources
[2026-03-26 13:40:22] 📊 Processing TARGET 151 ESG indicators with enhanced real data system...
[2026-03-26 13:40:22] ✅ TARGET 151 INDICATORS: 0/151 found (0.0% coverage) - PARTIAL
[2026-03-26 13:40:22]    • Modules: 0 complete, 0 partial, 21 empty
[2026-03-26 13:40:22]    • Missing: 151 indicators (first 3: IMP-M01-I01, IMP-M01-I02, IMP-M01-I03...)
[2026-03-26 13:40:22] ⚠️ Enhanced Real Data Processing: Need more data sources for complete coverage
[2026-03-26 13:40:22] 🔄 Running comprehensive pipeline with DYNAMIC PATTERN SOURCES...
[2026-03-26 13:40:22] 📊 Pipeline sources:
[2026-03-26 13:40:22]    • Document sources (PDFs, reports)
[2026-03-26 13:40:22]    • Dynamic pattern sources (web-scraped company data)
[2026-03-26 13:40:22]    • Online sources (web scraping)
[2026-03-26 13:41:00] ✅ DYNAMIC PATTERN SOURCES SUCCESS:
[2026-03-26 13:41:00]    • Total indicators: 39
[2026-03-26 13:41:00]    • Document sources: 1 indicators
[2026-03-26 13:41:00]    • Dynamic pattern sources: 0 indicators (WEB-SCRAPED)
[2026-03-26 13:41:00]    • Online sources: 0 indicators
[2026-03-26 13:41:00]    • Pattern sources now use REAL company-specific data!
[2026-03-26 13:41:00] 📊 Processing 21 ESG modules and validating indicators...
[2026-03-26 13:41:02] ✅ Year 2024 completed:
[2026-03-26 13:41:02]    • Target 151 Indicators: 5/151 found (3.3% coverage)
[2026-03-26 13:41:02]    • Total Indicators: 131
[2026-03-26 13:41:02]    • Processed: 131
[2026-03-26 13:41:02]    • Failed: 0
[2026-03-26 13:41:02]    • Modules: 17
[2026-03-26 13:41:02]    • Processing Time: 1.4s
[2026-03-26 13:41:02] 💾 Automatically saving data sources for 2024...
[2026-03-26 13:41:02] ✅ Data sources saved: 5 indicators from 1 sources
[2026-03-26 13:41:02]    • Report saved: ASIAN_PAINTS_(POLYMERS)_PRIVATE_LIMITED_2024_data_sources
[2026-03-26 13:41:02]    • Coverage: 3.3%
[2026-03-26 13:41:02] 🎉 Pipeline completed successfully for all 1 years
[2026-03-26 13:41:02] 📈 Pipeline Summary:
[2026-03-26 13:41:02]    • Company: ASIAN PAINTS (POLYMERS) PRIVATE LIMITED (ID: 14)
[2026-03-26 13:41:02]    • Years Processed: [2024]
[2026-03-26 13:41:02]    • Years Failed: []
[2026-03-26 13:41:02]    • ESG Modules: 21 (GHG, Energy, Water, Waste, OHS, etc.)
[2026-03-26 13:41:02]    • TARGET 151 Indicators: 5/151 (3.3% coverage with real data)
[2026-03-26 13:41:02]    • Standards: BRSR, CDP, EcoVadis, GRI
[2026-03-26 13:41:02] 💾 Data sources automatically saved for all processed years
[2026-03-26 13:41:02] 📁 Company data snapshot exported
