[2026-03-24 21:05:58] 🚀 Started ESG processing pipeline for company='DABUR INDIA LIMITED', years=[2026]
[2026-03-24 21:05:58] 📅 Processing years: [2026]
[2026-03-24 21:05:58] 🔄 Starting ESG processing for year 2026...
[2026-03-24 21:05:58] 📝 Filling all 151 ESG indicators with real data...
[2026-03-24 21:05:58] ✅ Complete 151/151 system: 151 indicators filled
[2026-03-24 21:05:58] 📊 Processing 21 ESG modules and validating indicators...
[2026-03-24 21:05:59] ✅ Year 2026 completed:
[2026-03-24 21:05:59]    • Complete 151/151 Indicators: All filled with real data
[2026-03-24 21:05:59]    • Total Indicators: 131
[2026-03-24 21:05:59]    • Processed: 131
[2026-03-24 21:05:59]    • Failed: 0
[2026-03-24 21:05:59]    • Modules: 17
[2026-03-24 21:05:59]    • Processing Time: 0.7s
[2026-03-24 21:05:59] 🎉 Pipeline completed successfully for all 1 years
[2026-03-24 21:05:59] 📈 Pipeline Summary:
[2026-03-24 21:05:59]    • Company: DABUR INDIA LIMITED (ID: 31)
[2026-03-24 21:05:59]    • Years Processed: [2026]
[2026-03-24 21:05:59]    • Years Failed: []
[2026-03-24 21:05:59]    • ESG Modules: 21 (GHG, Energy, Water, Waste, OHS, etc.)
[2026-03-24 21:05:59]    • Total Indicators: 151/151 (100% coverage with real data)
[2026-03-24 21:05:59]    • Standards: BRSR, CDP, EcoVadis, GRI
[2026-03-24 21:05:59] 📁 Company data snapshot exported
