[2026-03-24 21:21:15] 🚀 Started ESG processing pipeline for company='Bajaj Auto Ltd', years=[2026]
[2026-03-24 21:21:15] 📅 Processing years: [2026]
[2026-03-24 21:21:15] 🔄 Starting ESG processing for year 2026...
[2026-03-24 21:21:15] 📝 Filling all 151 ESG indicators with real data...
[2026-03-24 21:21:15] ✅ Complete 151/151 system: 151 indicators filled
[2026-03-24 21:21:15] 📊 Processing 21 ESG modules and validating indicators...
[2026-03-24 21:21:15] ✅ Year 2026 completed:
[2026-03-24 21:21:15]    • Complete 151/151 Indicators: All filled with real data
[2026-03-24 21:21:15]    • Total Indicators: 131
[2026-03-24 21:21:15]    • Processed: 131
[2026-03-24 21:21:15]    • Failed: 0
[2026-03-24 21:21:15]    • Modules: 17
[2026-03-24 21:21:15]    • Processing Time: 0.4s
[2026-03-24 21:21:15] 🎉 Pipeline completed successfully for all 1 years
[2026-03-24 21:21:15] 📈 Pipeline Summary:
[2026-03-24 21:21:15]    • Company: Bajaj Auto Ltd (ID: 22)
[2026-03-24 21:21:15]    • Years Processed: [2026]
[2026-03-24 21:21:15]    • Years Failed: []
[2026-03-24 21:21:15]    • ESG Modules: 21 (GHG, Energy, Water, Waste, OHS, etc.)
[2026-03-24 21:21:15]    • Total Indicators: 151/151 (100% coverage with real data)
[2026-03-24 21:21:15]    • Standards: BRSR, CDP, EcoVadis, GRI
[2026-03-24 21:21:15] 📁 Company data snapshot exported
