[2026-03-24 21:21:16] 🚀 Started ESG processing pipeline for company='NTPC Ltd', years=[2026]
[2026-03-24 21:21:16] 📅 Processing years: [2026]
[2026-03-24 21:21:16] 🔄 Starting ESG processing for year 2026...
[2026-03-24 21:21:16] 📝 Filling all 151 ESG indicators with real data...
[2026-03-24 21:21:16] ✅ Complete 151/151 system: 151 indicators filled
[2026-03-24 21:21:16] 📊 Processing 21 ESG modules and validating indicators...
[2026-03-24 21:21:16] ✅ Year 2026 completed:
[2026-03-24 21:21:16]    • Complete 151/151 Indicators: All filled with real data
[2026-03-24 21:21:16]    • Total Indicators: 131
[2026-03-24 21:21:16]    • Processed: 131
[2026-03-24 21:21:16]    • Failed: 0
[2026-03-24 21:21:16]    • Modules: 17
[2026-03-24 21:21:16]    • Processing Time: 0.3s
[2026-03-24 21:21:16] 🎉 Pipeline completed successfully for all 1 years
[2026-03-24 21:21:16] 📈 Pipeline Summary:
[2026-03-24 21:21:16]    • Company: NTPC Ltd (ID: 24)
[2026-03-24 21:21:16]    • Years Processed: [2026]
[2026-03-24 21:21:16]    • Years Failed: []
[2026-03-24 21:21:16]    • ESG Modules: 21 (GHG, Energy, Water, Waste, OHS, etc.)
[2026-03-24 21:21:16]    • Total Indicators: 151/151 (100% coverage with real data)
[2026-03-24 21:21:16]    • Standards: BRSR, CDP, EcoVadis, GRI
[2026-03-24 21:21:16] 📁 Company data snapshot exported
