[2026-03-26 10:01:20] 🚀 Started ESG processing pipeline for company='BANK OF BARODA', years=[2022]
[2026-03-26 10:01:20] 📅 Processing years: [2022]
[2026-03-26 10:01:20] 🔄 Starting ESG processing for year 2022...
[2026-03-26 10:01:20] 📂 Collecting real ESG documents from online sources...
[2026-03-26 10:01:27] ✅ Document collection: 0 documents collected from real sources
[2026-03-26 10:01:27] 📊 Processing TARGET 151 ESG indicators with enhanced real data system...
[2026-03-26 10:01:27] ✅ TARGET 151 INDICATORS: 0/151 found (0.0% coverage) - PARTIAL
[2026-03-26 10:01:27]    • Modules: 0 complete, 0 partial, 21 empty
[2026-03-26 10:01:27]    • Missing: 151 indicators (first 3: IMP-M01-I01, IMP-M01-I02, IMP-M01-I03...)
[2026-03-26 10:01:27] ⚠️ Enhanced Real Data Processing: Need more data sources for complete coverage
[2026-03-26 10:01:27] 🔄 Running comprehensive pipeline with DYNAMIC PATTERN SOURCES...
[2026-03-26 10:01:27] 📊 Pipeline sources:
[2026-03-26 10:01:27]    • Document sources (PDFs, reports)
[2026-03-26 10:01:27]    • Dynamic pattern sources (web-scraped company data)
[2026-03-26 10:01:27]    • Online sources (web scraping)
[2026-03-26 10:02:26] ✅ DYNAMIC PATTERN SOURCES SUCCESS:
[2026-03-26 10:02:26]    • Total indicators: 3
[2026-03-26 10:02:26]    • Document sources: 2 indicators
[2026-03-26 10:02:26]    • Dynamic pattern sources: 1 indicators (WEB-SCRAPED)
[2026-03-26 10:02:26]    • Online sources: 0 indicators
[2026-03-26 10:02:26]    • Pattern sources now use REAL company-specific data!
[2026-03-26 10:02:26] 📊 Processing 21 ESG modules and validating indicators...
[2026-03-26 10:02:27] ✅ Year 2022 completed:
[2026-03-26 10:02:27]    • Target 151 Indicators: 6/151 found (4.0% coverage)
[2026-03-26 10:02:27]    • Total Indicators: 131
[2026-03-26 10:02:27]    • Processed: 131
[2026-03-26 10:02:27]    • Failed: 0
[2026-03-26 10:02:27]    • Modules: 17
[2026-03-26 10:02:27]    • Processing Time: 0.6s
[2026-03-26 10:02:27] 💾 Automatically saving data sources for 2022...
[2026-03-26 10:02:27] ✅ Data sources saved: 12 indicators from 2 sources
[2026-03-26 10:02:27]    • Report saved: BANK_OF_BARODA_2022_data_sources
[2026-03-26 10:02:27]    • Coverage: 7.9%
[2026-03-26 10:02:27] 🎉 Pipeline completed successfully for all 1 years
[2026-03-26 10:02:27] 📈 Pipeline Summary:
[2026-03-26 10:02:27]    • Company: BANK OF BARODA (ID: 26)
[2026-03-26 10:02:27]    • Years Processed: [2022]
[2026-03-26 10:02:27]    • Years Failed: []
[2026-03-26 10:02:27]    • ESG Modules: 21 (GHG, Energy, Water, Waste, OHS, etc.)
[2026-03-26 10:02:27]    • TARGET 151 Indicators: 6/151 (4.0% coverage with real data)
[2026-03-26 10:02:27]    • Standards: BRSR, CDP, EcoVadis, GRI
[2026-03-26 10:02:27] 💾 Data sources automatically saved for all processed years
[2026-03-26 10:02:27] 📁 Company data snapshot exported
