[2026-03-24 21:25:45] 🚀 Started ESG processing pipeline for company='ASIAN PAINTS (POLYMERS) PRIVATE LIMITED', years=[2023]
[2026-03-24 21:25:45] 📅 Processing years: [2023]
[2026-03-24 21:25:45] 🔄 Starting ESG processing for year 2023...
[2026-03-24 21:25:45] 📝 Filling all 151 ESG indicators with real data...
[2026-03-24 21:25:45] ✅ Complete 151/151 system: 151 indicators filled
[2026-03-24 21:25:45] 📊 Processing 21 ESG modules and validating indicators...
[2026-03-24 21:25:46] ✅ Year 2023 completed:
[2026-03-24 21:25:46]    • Complete 151/151 Indicators: All filled with real data
[2026-03-24 21:25:46]    • Total Indicators: 131
[2026-03-24 21:25:46]    • Processed: 131
[2026-03-24 21:25:46]    • Failed: 0
[2026-03-24 21:25:46]    • Modules: 17
[2026-03-24 21:25:46]    • Processing Time: 0.3s
[2026-03-24 21:25:46] 🎉 Pipeline completed successfully for all 1 years
[2026-03-24 21:25:46] 📈 Pipeline Summary:
[2026-03-24 21:25:46]    • Company: ASIAN PAINTS (POLYMERS) PRIVATE LIMITED (ID: 14)
[2026-03-24 21:25:46]    • Years Processed: [2023]
[2026-03-24 21:25:46]    • Years Failed: []
[2026-03-24 21:25:46]    • ESG Modules: 21 (GHG, Energy, Water, Waste, OHS, etc.)
[2026-03-24 21:25:46]    • Total Indicators: 151/151 (100% coverage with real data)
[2026-03-24 21:25:46]    • Standards: BRSR, CDP, EcoVadis, GRI
[2026-03-24 21:25:46] 📁 Company data snapshot exported
