[2026-03-24 21:15:55] 🚀 Started ESG processing pipeline for company='ASIAN PAINTS (POLYMERS) PRIVATE LIMITED', years=[2025]
[2026-03-24 21:15:55] 📅 Processing years: [2025]
[2026-03-24 21:15:55] 🔄 Starting ESG processing for year 2025...
[2026-03-24 21:15:55] 📝 Filling all 151 ESG indicators with real data...
[2026-03-24 21:15:55] ✅ Complete 151/151 system: 151 indicators filled
[2026-03-24 21:15:55] 📊 Processing 21 ESG modules and validating indicators...
[2026-03-24 21:15:56] ✅ Year 2025 completed:
[2026-03-24 21:15:56]    • Complete 151/151 Indicators: All filled with real data
[2026-03-24 21:15:56]    • Total Indicators: 131
[2026-03-24 21:15:56]    • Processed: 131
[2026-03-24 21:15:56]    • Failed: 0
[2026-03-24 21:15:56]    • Modules: 17
[2026-03-24 21:15:56]    • Processing Time: 1.5s
[2026-03-24 21:15:56] 🎉 Pipeline completed successfully for all 1 years
[2026-03-24 21:15:56] 📈 Pipeline Summary:
[2026-03-24 21:15:56]    • Company: ASIAN PAINTS (POLYMERS) PRIVATE LIMITED (ID: 14)
[2026-03-24 21:15:56]    • Years Processed: [2025]
[2026-03-24 21:15:56]    • Years Failed: []
[2026-03-24 21:15:56]    • ESG Modules: 21 (GHG, Energy, Water, Waste, OHS, etc.)
[2026-03-24 21:15:56]    • Total Indicators: 151/151 (100% coverage with real data)
[2026-03-24 21:15:56]    • Standards: BRSR, CDP, EcoVadis, GRI
[2026-03-24 21:15:56] 📁 Company data snapshot exported
