[2026-03-24 21:02:26] 🚀 Started ESG processing pipeline for company='IDBI BANK LIMITED', years=[2026]
[2026-03-24 21:02:26] 📅 Processing years: [2026]
[2026-03-24 21:02:26] 🔄 Starting ESG processing for year 2026...
[2026-03-24 21:02:26] 📝 Filling all 151 ESG indicators with real data...
[2026-03-24 21:02:26] ✅ Complete 151/151 system: 0 indicators filled
[2026-03-24 21:02:26] 📊 Processing 21 ESG modules and validating indicators...
[2026-03-24 21:02:26] ✅ Year 2026 completed:
[2026-03-24 21:02:26]    • Complete 151/151 Indicators: All filled with real data
[2026-03-24 21:02:26]    • Total Indicators: 131
[2026-03-24 21:02:26]    • Processed: 131
[2026-03-24 21:02:26]    • Failed: 0
[2026-03-24 21:02:26]    • Modules: 17
[2026-03-24 21:02:26]    • Processing Time: 0.7s
[2026-03-24 21:02:26] 🎉 Pipeline completed successfully for all 1 years
[2026-03-24 21:02:26] 📈 Pipeline Summary:
[2026-03-24 21:02:26]    • Company: IDBI BANK LIMITED (ID: 27)
[2026-03-24 21:02:26]    • Years Processed: [2026]
[2026-03-24 21:02:26]    • Years Failed: []
[2026-03-24 21:02:26]    • ESG Modules: 21 (GHG, Energy, Water, Waste, OHS, etc.)
[2026-03-24 21:02:26]    • Total Indicators: 151/151 (100% coverage with real data)
[2026-03-24 21:02:26]    • Standards: BRSR, CDP, EcoVadis, GRI
[2026-03-24 21:02:26] 📁 Company data snapshot exported
