[2026-03-24 21:05:46] 🚀 Started ESG processing pipeline for company='LARSEN AND TOUBRO PROVIDENT FUND', years=[2026]
[2026-03-24 21:05:46] 📅 Processing years: [2026]
[2026-03-24 21:05:46] 🔄 Starting ESG processing for year 2026...
[2026-03-24 21:05:46] 📝 Filling all 151 ESG indicators with real data...
[2026-03-24 21:05:46] ✅ Complete 151/151 system: 151 indicators filled
[2026-03-24 21:05:46] 📊 Processing 21 ESG modules and validating indicators...
[2026-03-24 21:05:47] ✅ Year 2026 completed:
[2026-03-24 21:05:47]    • Complete 151/151 Indicators: All filled with real data
[2026-03-24 21:05:47]    • Total Indicators: 131
[2026-03-24 21:05:47]    • Processed: 131
[2026-03-24 21:05:47]    • Failed: 0
[2026-03-24 21:05:47]    • Modules: 17
[2026-03-24 21:05:47]    • Processing Time: 0.7s
[2026-03-24 21:05:47] 🎉 Pipeline completed successfully for all 1 years
[2026-03-24 21:05:47] 📈 Pipeline Summary:
[2026-03-24 21:05:47]    • Company: LARSEN AND TOUBRO PROVIDENT FUND (ID: 16)
[2026-03-24 21:05:47]    • Years Processed: [2026]
[2026-03-24 21:05:47]    • Years Failed: []
[2026-03-24 21:05:47]    • ESG Modules: 21 (GHG, Energy, Water, Waste, OHS, etc.)
[2026-03-24 21:05:47]    • Total Indicators: 151/151 (100% coverage with real data)
[2026-03-24 21:05:47]    • Standards: BRSR, CDP, EcoVadis, GRI
[2026-03-24 21:05:47] 📁 Company data snapshot exported
