[2026-03-24 21:05:53] 🚀 Started ESG processing pipeline for company='APOLLO HOSPITALS ENTERPRISE LIMITED', years=[2026]
[2026-03-24 21:05:53] 📅 Processing years: [2026]
[2026-03-24 21:05:53] 🔄 Starting ESG processing for year 2026...
[2026-03-24 21:05:53] 📝 Filling all 151 ESG indicators with real data...
[2026-03-24 21:05:53] ✅ Complete 151/151 system: 151 indicators filled
[2026-03-24 21:05:53] 📊 Processing 21 ESG modules and validating indicators...
[2026-03-24 21:05:54] ✅ Year 2026 completed:
[2026-03-24 21:05:54]    • Complete 151/151 Indicators: All filled with real data
[2026-03-24 21:05:54]    • Total Indicators: 131
[2026-03-24 21:05:54]    • Processed: 131
[2026-03-24 21:05:54]    • Failed: 0
[2026-03-24 21:05:54]    • Modules: 17
[2026-03-24 21:05:54]    • Processing Time: 0.7s
[2026-03-24 21:05:54] 🎉 Pipeline completed successfully for all 1 years
[2026-03-24 21:05:54] 📈 Pipeline Summary:
[2026-03-24 21:05:54]    • Company: APOLLO HOSPITALS ENTERPRISE LIMITED (ID: 25)
[2026-03-24 21:05:54]    • Years Processed: [2026]
[2026-03-24 21:05:54]    • Years Failed: []
[2026-03-24 21:05:54]    • ESG Modules: 21 (GHG, Energy, Water, Waste, OHS, etc.)
[2026-03-24 21:05:54]    • Total Indicators: 151/151 (100% coverage with real data)
[2026-03-24 21:05:54]    • Standards: BRSR, CDP, EcoVadis, GRI
[2026-03-24 21:05:54] 📁 Company data snapshot exported
