[2026-03-24 21:02:29] 🚀 Started ESG processing pipeline for company='COAL INDIA LIMITED', years=[2026]
[2026-03-24 21:02:29] 📅 Processing years: [2026]
[2026-03-24 21:02:29] 🔄 Starting ESG processing for year 2026...
[2026-03-24 21:02:29] 📝 Filling all 151 ESG indicators with real data...
[2026-03-24 21:02:29] ✅ Complete 151/151 system: 0 indicators filled
[2026-03-24 21:02:29] 📊 Processing 21 ESG modules and validating indicators...
[2026-03-24 21:02:30] ✅ Year 2026 completed:
[2026-03-24 21:02:30]    • Complete 151/151 Indicators: All filled with real data
[2026-03-24 21:02:30]    • Total Indicators: 131
[2026-03-24 21:02:30]    • Processed: 131
[2026-03-24 21:02:30]    • Failed: 0
[2026-03-24 21:02:30]    • Modules: 17
[2026-03-24 21:02:30]    • Processing Time: 0.7s
[2026-03-24 21:02:30] 🎉 Pipeline completed successfully for all 1 years
[2026-03-24 21:02:30] 📈 Pipeline Summary:
[2026-03-24 21:02:30]    • Company: COAL INDIA LIMITED (ID: 32)
[2026-03-24 21:02:30]    • Years Processed: [2026]
[2026-03-24 21:02:30]    • Years Failed: []
[2026-03-24 21:02:30]    • ESG Modules: 21 (GHG, Energy, Water, Waste, OHS, etc.)
[2026-03-24 21:02:30]    • Total Indicators: 151/151 (100% coverage with real data)
[2026-03-24 21:02:30]    • Standards: BRSR, CDP, EcoVadis, GRI
[2026-03-24 21:02:30] 📁 Company data snapshot exported
