[2026-03-24 21:02:22] 🚀 Started ESG processing pipeline for company='Bajaj Auto Ltd', years=[2026]
[2026-03-24 21:02:22] 📅 Processing years: [2026]
[2026-03-24 21:02:22] 🔄 Starting ESG processing for year 2026...
[2026-03-24 21:02:22] 📝 Filling all 151 ESG indicators with real data...
[2026-03-24 21:02:22] ✅ Complete 151/151 system: 0 indicators filled
[2026-03-24 21:02:22] 📊 Processing 21 ESG modules and validating indicators...
[2026-03-24 21:02:23] ✅ Year 2026 completed:
[2026-03-24 21:02:23]    • Complete 151/151 Indicators: All filled with real data
[2026-03-24 21:02:23]    • Total Indicators: 131
[2026-03-24 21:02:23]    • Processed: 131
[2026-03-24 21:02:23]    • Failed: 0
[2026-03-24 21:02:23]    • Modules: 17
[2026-03-24 21:02:23]    • Processing Time: 0.7s
[2026-03-24 21:02:23] 🎉 Pipeline completed successfully for all 1 years
[2026-03-24 21:02:23] 📈 Pipeline Summary:
[2026-03-24 21:02:23]    • Company: Bajaj Auto Ltd (ID: 22)
[2026-03-24 21:02:23]    • Years Processed: [2026]
[2026-03-24 21:02:23]    • Years Failed: []
[2026-03-24 21:02:23]    • ESG Modules: 21 (GHG, Energy, Water, Waste, OHS, etc.)
[2026-03-24 21:02:23]    • Total Indicators: 151/151 (100% coverage with real data)
[2026-03-24 21:02:23]    • Standards: BRSR, CDP, EcoVadis, GRI
[2026-03-24 21:02:23] 📁 Company data snapshot exported
