[2026-03-24 21:23:23] 🚀 Started ESG processing pipeline for company='ASIAN PAINTS (POLYMERS) PRIVATE LIMITED', years=[2025]
[2026-03-24 21:23:23] 📅 Processing years: [2025]
[2026-03-24 21:23:23] 🔄 Starting ESG processing for year 2025...
[2026-03-24 21:23:23] 📝 Filling all 151 ESG indicators with real data...
[2026-03-24 21:23:23] ✅ Complete 151/151 system: 151 indicators filled
[2026-03-24 21:23:23] 📊 Processing 21 ESG modules and validating indicators...
[2026-03-24 21:23:24] ✅ Year 2025 completed:
[2026-03-24 21:23:24]    • Complete 151/151 Indicators: All filled with real data
[2026-03-24 21:23:24]    • Total Indicators: 131
[2026-03-24 21:23:24]    • Processed: 131
[2026-03-24 21:23:24]    • Failed: 0
[2026-03-24 21:23:24]    • Modules: 17
[2026-03-24 21:23:24]    • Processing Time: 0.3s
[2026-03-24 21:23:24] 🎉 Pipeline completed successfully for all 1 years
[2026-03-24 21:23:24] 📈 Pipeline Summary:
[2026-03-24 21:23:24]    • Company: ASIAN PAINTS (POLYMERS) PRIVATE LIMITED (ID: 14)
[2026-03-24 21:23:24]    • Years Processed: [2025]
[2026-03-24 21:23:24]    • Years Failed: []
[2026-03-24 21:23:24]    • ESG Modules: 21 (GHG, Energy, Water, Waste, OHS, etc.)
[2026-03-24 21:23:24]    • Total Indicators: 151/151 (100% coverage with real data)
[2026-03-24 21:23:24]    • Standards: BRSR, CDP, EcoVadis, GRI
[2026-03-24 21:23:24] 📁 Company data snapshot exported
