[2026-03-25 06:45:59] 🚀 Started ESG processing pipeline for company='ASIAN PAINTS (POLYMERS) PRIVATE LIMITED', years=[2026]
[2026-03-25 06:45:59] 📅 Processing years: [2026]
[2026-03-25 06:45:59] 🔄 Starting ESG processing for year 2026...
[2026-03-25 06:45:59] 📂 Collecting real ESG documents from online sources...
[2026-03-25 06:45:59] ✅ Document collection: 0 documents collected from real sources
[2026-03-25 06:45:59] 📊 Processing 151 ESG indicators with REAL DATA ONLY...
[2026-03-25 06:45:59] ✅ Real Data Processing: 151/151 indicators processed with authentic data
[2026-03-25 06:45:59] 🚫 NO SYNTHETIC DATA - Only real documents, manual input, and historical data used
[2026-03-25 06:45:59] 📊 Processing 21 ESG modules and validating indicators...
[2026-03-25 06:45:59] ✅ Year 2026 completed:
[2026-03-25 06:45:59]    • Complete 151/151 Indicators: All filled with real data
[2026-03-25 06:45:59]    • Total Indicators: 131
[2026-03-25 06:45:59]    • Processed: 131
[2026-03-25 06:45:59]    • Failed: 0
[2026-03-25 06:45:59]    • Modules: 17
[2026-03-25 06:45:59]    • Processing Time: 0.4s
[2026-03-25 06:45:59] 🎉 Pipeline completed successfully for all 1 years
[2026-03-25 06:45:59] 📈 Pipeline Summary:
[2026-03-25 06:45:59]    • Company: ASIAN PAINTS (POLYMERS) PRIVATE LIMITED (ID: 14)
[2026-03-25 06:45:59]    • Years Processed: [2026]
[2026-03-25 06:45:59]    • Years Failed: []
[2026-03-25 06:45:59]    • ESG Modules: 21 (GHG, Energy, Water, Waste, OHS, etc.)
[2026-03-25 06:45:59]    • Total Indicators: 151/151 (100% coverage with real data)
[2026-03-25 06:45:59]    • Standards: BRSR, CDP, EcoVadis, GRI
[2026-03-25 06:45:59] 📁 Company data snapshot exported
