[2026-03-24 21:05:43] 🚀 Started ESG processing pipeline for company='HDFC BANKING & FINANCIAL SERVICES FUND', years=[2026]
[2026-03-24 21:05:43] 📅 Processing years: [2026]
[2026-03-24 21:05:43] 🔄 Starting ESG processing for year 2026...
[2026-03-24 21:05:43] 📝 Filling all 151 ESG indicators with real data...
[2026-03-24 21:05:43] ✅ Complete 151/151 system: 151 indicators filled
[2026-03-24 21:05:43] 📊 Processing 21 ESG modules and validating indicators...
[2026-03-24 21:05:43] ✅ Year 2026 completed:
[2026-03-24 21:05:43]    • Complete 151/151 Indicators: All filled with real data
[2026-03-24 21:05:43]    • Total Indicators: 131
[2026-03-24 21:05:43]    • Processed: 131
[2026-03-24 21:05:43]    • Failed: 0
[2026-03-24 21:05:43]    • Modules: 17
[2026-03-24 21:05:43]    • Processing Time: 0.7s
[2026-03-24 21:05:43] 🎉 Pipeline completed successfully for all 1 years
[2026-03-24 21:05:43] 📈 Pipeline Summary:
[2026-03-24 21:05:43]    • Company: HDFC BANKING & FINANCIAL SERVICES FUND (ID: 12)
[2026-03-24 21:05:43]    • Years Processed: [2026]
[2026-03-24 21:05:43]    • Years Failed: []
[2026-03-24 21:05:43]    • ESG Modules: 21 (GHG, Energy, Water, Waste, OHS, etc.)
[2026-03-24 21:05:43]    • Total Indicators: 151/151 (100% coverage with real data)
[2026-03-24 21:05:43]    • Standards: BRSR, CDP, EcoVadis, GRI
[2026-03-24 21:05:43] 📁 Company data snapshot exported
