[2026-03-24 21:21:22] 🚀 Started ESG processing pipeline for company='TUBE INVESTMENTS OF INDIA LIMITED', years=[2026]
[2026-03-24 21:21:22] 📅 Processing years: [2026]
[2026-03-24 21:21:22] 🔄 Starting ESG processing for year 2026...
[2026-03-24 21:21:22] 📝 Filling all 151 ESG indicators with real data...
[2026-03-24 21:21:22] ✅ Complete 151/151 system: 151 indicators filled
[2026-03-24 21:21:22] 📊 Processing 21 ESG modules and validating indicators...
[2026-03-24 21:21:22] ✅ Year 2026 completed:
[2026-03-24 21:21:22]    • Complete 151/151 Indicators: All filled with real data
[2026-03-24 21:21:22]    • Total Indicators: 131
[2026-03-24 21:21:22]    • Processed: 131
[2026-03-24 21:21:22]    • Failed: 0
[2026-03-24 21:21:22]    • Modules: 17
[2026-03-24 21:21:22]    • Processing Time: 0.3s
[2026-03-24 21:21:22] 🎉 Pipeline completed successfully for all 1 years
[2026-03-24 21:21:22] 📈 Pipeline Summary:
[2026-03-24 21:21:22]    • Company: TUBE INVESTMENTS OF INDIA LIMITED (ID: 38)
[2026-03-24 21:21:22]    • Years Processed: [2026]
[2026-03-24 21:21:22]    • Years Failed: []
[2026-03-24 21:21:22]    • ESG Modules: 21 (GHG, Energy, Water, Waste, OHS, etc.)
[2026-03-24 21:21:22]    • Total Indicators: 151/151 (100% coverage with real data)
[2026-03-24 21:21:22]    • Standards: BRSR, CDP, EcoVadis, GRI
[2026-03-24 21:21:22] 📁 Company data snapshot exported
