[2026-03-24 21:02:10] 🚀 Started ESG processing pipeline for company='TAAG', years=[2026]
[2026-03-24 21:02:10] 📅 Processing years: [2026]
[2026-03-24 21:02:10] 🔄 Starting ESG processing for year 2026...
[2026-03-24 21:02:10] 📝 Filling all 151 ESG indicators with real data...
[2026-03-24 21:02:10] ✅ Complete 151/151 system: 0 indicators filled
[2026-03-24 21:02:10] 📊 Processing 21 ESG modules and validating indicators...
[2026-03-24 21:02:10] ✅ Year 2026 completed:
[2026-03-24 21:02:10]    • Complete 151/151 Indicators: All filled with real data
[2026-03-24 21:02:10]    • Total Indicators: 131
[2026-03-24 21:02:10]    • Processed: 131
[2026-03-24 21:02:10]    • Failed: 0
[2026-03-24 21:02:10]    • Modules: 17
[2026-03-24 21:02:10]    • Processing Time: 0.7s
[2026-03-24 21:02:10] 🎉 Pipeline completed successfully for all 1 years
[2026-03-24 21:02:10] 📈 Pipeline Summary:
[2026-03-24 21:02:10]    • Company: TAAG (ID: 6)
[2026-03-24 21:02:10]    • Years Processed: [2026]
[2026-03-24 21:02:10]    • Years Failed: []
[2026-03-24 21:02:10]    • ESG Modules: 21 (GHG, Energy, Water, Waste, OHS, etc.)
[2026-03-24 21:02:10]    • Total Indicators: 151/151 (100% coverage with real data)
[2026-03-24 21:02:10]    • Standards: BRSR, CDP, EcoVadis, GRI
[2026-03-24 21:02:10] 📁 Company data snapshot exported
