[2026-03-24 21:06:02] 🚀 Started ESG processing pipeline for company='SUN TV NETWORK LIMITED', years=[2026]
[2026-03-24 21:06:02] 📅 Processing years: [2026]
[2026-03-24 21:06:02] 🔄 Starting ESG processing for year 2026...
[2026-03-24 21:06:02] 📝 Filling all 151 ESG indicators with real data...
[2026-03-24 21:06:02] ✅ Complete 151/151 system: 151 indicators filled
[2026-03-24 21:06:02] 📊 Processing 21 ESG modules and validating indicators...
[2026-03-24 21:06:02] ✅ Year 2026 completed:
[2026-03-24 21:06:02]    • Complete 151/151 Indicators: All filled with real data
[2026-03-24 21:06:02]    • Total Indicators: 131
[2026-03-24 21:06:02]    • Processed: 131
[2026-03-24 21:06:02]    • Failed: 0
[2026-03-24 21:06:02]    • Modules: 17
[2026-03-24 21:06:02]    • Processing Time: 0.6s
[2026-03-24 21:06:02] 🎉 Pipeline completed successfully for all 1 years
[2026-03-24 21:06:02] 📈 Pipeline Summary:
[2026-03-24 21:06:02]    • Company: SUN TV NETWORK LIMITED (ID: 36)
[2026-03-24 21:06:02]    • Years Processed: [2026]
[2026-03-24 21:06:02]    • Years Failed: []
[2026-03-24 21:06:02]    • ESG Modules: 21 (GHG, Energy, Water, Waste, OHS, etc.)
[2026-03-24 21:06:02]    • Total Indicators: 151/151 (100% coverage with real data)
[2026-03-24 21:06:02]    • Standards: BRSR, CDP, EcoVadis, GRI
[2026-03-24 21:06:02] 📁 Company data snapshot exported
