[2026-03-24 21:05:39] 🚀 Started ESG processing pipeline for company='GCF', years=[2026]
[2026-03-24 21:05:39] 📅 Processing years: [2026]
[2026-03-24 21:05:39] 🔄 Starting ESG processing for year 2026...
[2026-03-24 21:05:39] 📝 Filling all 151 ESG indicators with real data...
[2026-03-24 21:05:39] ✅ Complete 151/151 system: 151 indicators filled
[2026-03-24 21:05:39] 📊 Processing 21 ESG modules and validating indicators...
[2026-03-24 21:05:41] ✅ Year 2026 completed:
[2026-03-24 21:05:41]    • Complete 151/151 Indicators: All filled with real data
[2026-03-24 21:05:41]    • Total Indicators: 131
[2026-03-24 21:05:41]    • Processed: 131
[2026-03-24 21:05:41]    • Failed: 0
[2026-03-24 21:05:41]    • Modules: 17
[2026-03-24 21:05:41]    • Processing Time: 1.4s
[2026-03-24 21:05:41] 🎉 Pipeline completed successfully for all 1 years
[2026-03-24 21:05:41] 📈 Pipeline Summary:
[2026-03-24 21:05:41]    • Company: GCF (ID: 9)
[2026-03-24 21:05:41]    • Years Processed: [2026]
[2026-03-24 21:05:41]    • Years Failed: []
[2026-03-24 21:05:41]    • ESG Modules: 21 (GHG, Energy, Water, Waste, OHS, etc.)
[2026-03-24 21:05:41]    • Total Indicators: 151/151 (100% coverage with real data)
[2026-03-24 21:05:41]    • Standards: BRSR, CDP, EcoVadis, GRI
[2026-03-24 21:05:41] 📁 Company data snapshot exported
