[2026-03-24 21:05:31] 🚀 Started ESG processing pipeline for company='Tata Consultancy Services Ltd', years=[2026]
[2026-03-24 21:05:31] 📅 Processing years: [2026]
[2026-03-24 21:05:31] 🔄 Starting ESG processing for year 2026...
[2026-03-24 21:05:31] 📝 Filling all 151 ESG indicators with real data...
[2026-03-24 21:05:31] ✅ Complete 151/151 system: 151 indicators filled
[2026-03-24 21:05:31] 📊 Processing 21 ESG modules and validating indicators...
[2026-03-24 21:05:33] ✅ Year 2026 completed:
[2026-03-24 21:05:33]    • Complete 151/151 Indicators: All filled with real data
[2026-03-24 21:05:33]    • Total Indicators: 131
[2026-03-24 21:05:33]    • Processed: 131
[2026-03-24 21:05:33]    • Failed: 0
[2026-03-24 21:05:33]    • Modules: 17
[2026-03-24 21:05:33]    • Processing Time: 1.5s
[2026-03-24 21:05:33] 🎉 Pipeline completed successfully for all 1 years
[2026-03-24 21:05:33] 📈 Pipeline Summary:
[2026-03-24 21:05:33]    • Company: Tata Consultancy Services Ltd (ID: 4)
[2026-03-24 21:05:33]    • Years Processed: [2026]
[2026-03-24 21:05:33]    • Years Failed: []
[2026-03-24 21:05:33]    • ESG Modules: 21 (GHG, Energy, Water, Waste, OHS, etc.)
[2026-03-24 21:05:33]    • Total Indicators: 151/151 (100% coverage with real data)
[2026-03-24 21:05:33]    • Standards: BRSR, CDP, EcoVadis, GRI
[2026-03-24 21:05:33] 📁 Company data snapshot exported
