[2026-03-24 21:05:36] 🚀 Started ESG processing pipeline for company='IMPACTRENEUR CAPITAL CORP.', years=[2026]
[2026-03-24 21:05:36] 📅 Processing years: [2026]
[2026-03-24 21:05:36] 🔄 Starting ESG processing for year 2026...
[2026-03-24 21:05:36] 📝 Filling all 151 ESG indicators with real data...
[2026-03-24 21:05:36] ✅ Complete 151/151 system: 151 indicators filled
[2026-03-24 21:05:36] 📊 Processing 21 ESG modules and validating indicators...
[2026-03-24 21:05:37] ✅ Year 2026 completed:
[2026-03-24 21:05:37]    • Complete 151/151 Indicators: All filled with real data
[2026-03-24 21:05:37]    • Total Indicators: 131
[2026-03-24 21:05:37]    • Processed: 131
[2026-03-24 21:05:37]    • Failed: 0
[2026-03-24 21:05:37]    • Modules: 17
[2026-03-24 21:05:37]    • Processing Time: 1.4s
[2026-03-24 21:05:37] 🎉 Pipeline completed successfully for all 1 years
[2026-03-24 21:05:37] 📈 Pipeline Summary:
[2026-03-24 21:05:37]    • Company: IMPACTRENEUR CAPITAL CORP. (ID: 7)
[2026-03-24 21:05:37]    • Years Processed: [2026]
[2026-03-24 21:05:37]    • Years Failed: []
[2026-03-24 21:05:37]    • ESG Modules: 21 (GHG, Energy, Water, Waste, OHS, etc.)
[2026-03-24 21:05:37]    • Total Indicators: 151/151 (100% coverage with real data)
[2026-03-24 21:05:37]    • Standards: BRSR, CDP, EcoVadis, GRI
[2026-03-24 21:05:37] 📁 Company data snapshot exported
