[2026-03-24 21:05:33] 🚀 Started ESG processing pipeline for company='Wipro Ltd', years=[2026]
[2026-03-24 21:05:33] 📅 Processing years: [2026]
[2026-03-24 21:05:33] 🔄 Starting ESG processing for year 2026...
[2026-03-24 21:05:33] 📝 Filling all 151 ESG indicators with real data...
[2026-03-24 21:05:33] ✅ Complete 151/151 system: 151 indicators filled
[2026-03-24 21:05:33] 📊 Processing 21 ESG modules and validating indicators...
[2026-03-24 21:05:34] ✅ Year 2026 completed:
[2026-03-24 21:05:34]    • Complete 151/151 Indicators: All filled with real data
[2026-03-24 21:05:34]    • Total Indicators: 131
[2026-03-24 21:05:34]    • Processed: 131
[2026-03-24 21:05:34]    • Failed: 0
[2026-03-24 21:05:34]    • Modules: 17
[2026-03-24 21:05:34]    • Processing Time: 1.5s
[2026-03-24 21:05:34] 🎉 Pipeline completed successfully for all 1 years
[2026-03-24 21:05:34] 📈 Pipeline Summary:
[2026-03-24 21:05:34]    • Company: Wipro Ltd (ID: 5)
[2026-03-24 21:05:34]    • Years Processed: [2026]
[2026-03-24 21:05:34]    • Years Failed: []
[2026-03-24 21:05:34]    • ESG Modules: 21 (GHG, Energy, Water, Waste, OHS, etc.)
[2026-03-24 21:05:34]    • Total Indicators: 151/151 (100% coverage with real data)
[2026-03-24 21:05:34]    • Standards: BRSR, CDP, EcoVadis, GRI
[2026-03-24 21:05:34] 📁 Company data snapshot exported
