[2026-03-24 21:05:41] 🚀 Started ESG processing pipeline for company='TATA MOTORS LIMITED', years=[2026]
[2026-03-24 21:05:41] 📅 Processing years: [2026]
[2026-03-24 21:05:41] 🔄 Starting ESG processing for year 2026...
[2026-03-24 21:05:41] 📝 Filling all 151 ESG indicators with real data...
[2026-03-24 21:05:41] ✅ Complete 151/151 system: 151 indicators filled
[2026-03-24 21:05:41] 📊 Processing 21 ESG modules and validating indicators...
[2026-03-24 21:05:42] ✅ Year 2026 completed:
[2026-03-24 21:05:42]    • Complete 151/151 Indicators: All filled with real data
[2026-03-24 21:05:42]    • Total Indicators: 131
[2026-03-24 21:05:42]    • Processed: 131
[2026-03-24 21:05:42]    • Failed: 0
[2026-03-24 21:05:42]    • Modules: 17
[2026-03-24 21:05:42]    • Processing Time: 1.1s
[2026-03-24 21:05:42] 🎉 Pipeline completed successfully for all 1 years
[2026-03-24 21:05:42] 📈 Pipeline Summary:
[2026-03-24 21:05:42]    • Company: TATA MOTORS LIMITED (ID: 10)
[2026-03-24 21:05:42]    • Years Processed: [2026]
[2026-03-24 21:05:42]    • Years Failed: []
[2026-03-24 21:05:42]    • ESG Modules: 21 (GHG, Energy, Water, Waste, OHS, etc.)
[2026-03-24 21:05:42]    • Total Indicators: 151/151 (100% coverage with real data)
[2026-03-24 21:05:42]    • Standards: BRSR, CDP, EcoVadis, GRI
[2026-03-24 21:05:42] 📁 Company data snapshot exported
