[2026-03-24 21:05:47] 🚀 Started ESG processing pipeline for company='Bharti Airtel Ltd', years=[2026]
[2026-03-24 21:05:47] 📅 Processing years: [2026]
[2026-03-24 21:05:47] 🔄 Starting ESG processing for year 2026...
[2026-03-24 21:05:47] 📝 Filling all 151 ESG indicators with real data...
[2026-03-24 21:05:48] ✅ Complete 151/151 system: 151 indicators filled
[2026-03-24 21:05:48] 📊 Processing 21 ESG modules and validating indicators...
[2026-03-24 21:05:48] ✅ Year 2026 completed:
[2026-03-24 21:05:48]    • Complete 151/151 Indicators: All filled with real data
[2026-03-24 21:05:48]    • Total Indicators: 131
[2026-03-24 21:05:48]    • Processed: 131
[2026-03-24 21:05:48]    • Failed: 0
[2026-03-24 21:05:48]    • Modules: 17
[2026-03-24 21:05:48]    • Processing Time: 0.7s
[2026-03-24 21:05:48] 🎉 Pipeline completed successfully for all 1 years
[2026-03-24 21:05:48] 📈 Pipeline Summary:
[2026-03-24 21:05:48]    • Company: Bharti Airtel Ltd (ID: 18)
[2026-03-24 21:05:48]    • Years Processed: [2026]
[2026-03-24 21:05:48]    • Years Failed: []
[2026-03-24 21:05:48]    • ESG Modules: 21 (GHG, Energy, Water, Waste, OHS, etc.)
[2026-03-24 21:05:48]    • Total Indicators: 151/151 (100% coverage with real data)
[2026-03-24 21:05:48]    • Standards: BRSR, CDP, EcoVadis, GRI
[2026-03-24 21:05:48] 📁 Company data snapshot exported
