[2026-03-24 21:02:32] 🚀 Started ESG processing pipeline for company='SUN TV NETWORK LIMITED', years=[2026]
[2026-03-24 21:02:32] 📅 Processing years: [2026]
[2026-03-24 21:02:32] 🔄 Starting ESG processing for year 2026...
[2026-03-24 21:02:32] 📝 Filling all 151 ESG indicators with real data...
[2026-03-24 21:02:32] ✅ Complete 151/151 system: 0 indicators filled
[2026-03-24 21:02:32] 📊 Processing 21 ESG modules and validating indicators...
[2026-03-24 21:02:33] ✅ Year 2026 completed:
[2026-03-24 21:02:33]    • Complete 151/151 Indicators: All filled with real data
[2026-03-24 21:02:33]    • Total Indicators: 131
[2026-03-24 21:02:33]    • Processed: 131
[2026-03-24 21:02:33]    • Failed: 0
[2026-03-24 21:02:33]    • Modules: 17
[2026-03-24 21:02:33]    • Processing Time: 0.7s
[2026-03-24 21:02:33] 🎉 Pipeline completed successfully for all 1 years
[2026-03-24 21:02:33] 📈 Pipeline Summary:
[2026-03-24 21:02:33]    • Company: SUN TV NETWORK LIMITED (ID: 36)
[2026-03-24 21:02:33]    • Years Processed: [2026]
[2026-03-24 21:02:33]    • Years Failed: []
[2026-03-24 21:02:33]    • ESG Modules: 21 (GHG, Energy, Water, Waste, OHS, etc.)
[2026-03-24 21:02:33]    • Total Indicators: 151/151 (100% coverage with real data)
[2026-03-24 21:02:33]    • Standards: BRSR, CDP, EcoVadis, GRI
[2026-03-24 21:02:33] 📁 Company data snapshot exported
