[2026-03-24 21:02:15] 🚀 Started ESG processing pipeline for company='Bajaj Finance Ltd', years=[2026]
[2026-03-24 21:02:15] 📅 Processing years: [2026]
[2026-03-24 21:02:15] 🔄 Starting ESG processing for year 2026...
[2026-03-24 21:02:15] 📝 Filling all 151 ESG indicators with real data...
[2026-03-24 21:02:15] ✅ Complete 151/151 system: 0 indicators filled
[2026-03-24 21:02:15] 📊 Processing 21 ESG modules and validating indicators...
[2026-03-24 21:02:16] ✅ Year 2026 completed:
[2026-03-24 21:02:16]    • Complete 151/151 Indicators: All filled with real data
[2026-03-24 21:02:16]    • Total Indicators: 131
[2026-03-24 21:02:16]    • Processed: 131
[2026-03-24 21:02:16]    • Failed: 0
[2026-03-24 21:02:16]    • Modules: 17
[2026-03-24 21:02:16]    • Processing Time: 0.8s
[2026-03-24 21:02:16] 🎉 Pipeline completed successfully for all 1 years
[2026-03-24 21:02:16] 📈 Pipeline Summary:
[2026-03-24 21:02:16]    • Company: Bajaj Finance Ltd (ID: 13)
[2026-03-24 21:02:16]    • Years Processed: [2026]
[2026-03-24 21:02:16]    • Years Failed: []
[2026-03-24 21:02:16]    • ESG Modules: 21 (GHG, Energy, Water, Waste, OHS, etc.)
[2026-03-24 21:02:16]    • Total Indicators: 151/151 (100% coverage with real data)
[2026-03-24 21:02:16]    • Standards: BRSR, CDP, EcoVadis, GRI
[2026-03-24 21:02:16] 📁 Company data snapshot exported
