[2026-03-24 21:13:51] 🚀 Started ESG processing pipeline for company='Wipro Ltd', years=[2026]
[2026-03-24 21:13:51] 📅 Processing years: [2026]
[2026-03-24 21:13:51] 🔄 Starting ESG processing for year 2026...
[2026-03-24 21:13:51] 📝 Filling all 151 ESG indicators with real data...
[2026-03-24 21:13:52] ✅ Complete 151/151 system: 151 indicators filled
[2026-03-24 21:13:52] 📊 Processing 21 ESG modules and validating indicators...
[2026-03-24 21:13:53] ✅ Year 2026 completed:
[2026-03-24 21:13:53]    • Complete 151/151 Indicators: All filled with real data
[2026-03-24 21:13:53]    • Total Indicators: 131
[2026-03-24 21:13:53]    • Processed: 131
[2026-03-24 21:13:53]    • Failed: 0
[2026-03-24 21:13:53]    • Modules: 17
[2026-03-24 21:13:53]    • Processing Time: 1.5s
[2026-03-24 21:13:53] 🎉 Pipeline completed successfully for all 1 years
[2026-03-24 21:13:53] 📈 Pipeline Summary:
[2026-03-24 21:13:53]    • Company: Wipro Ltd (ID: 5)
[2026-03-24 21:13:53]    • Years Processed: [2026]
[2026-03-24 21:13:53]    • Years Failed: []
[2026-03-24 21:13:53]    • ESG Modules: 21 (GHG, Energy, Water, Waste, OHS, etc.)
[2026-03-24 21:13:53]    • Total Indicators: 151/151 (100% coverage with real data)
[2026-03-24 21:13:53]    • Standards: BRSR, CDP, EcoVadis, GRI
[2026-03-24 21:13:53] 📁 Company data snapshot exported
