[2026-03-24 21:21:11] 🚀 Started ESG processing pipeline for company='Bajaj Finance Ltd', years=[2026]
[2026-03-24 21:21:11] 📅 Processing years: [2026]
[2026-03-24 21:21:11] 🔄 Starting ESG processing for year 2026...
[2026-03-24 21:21:11] 📝 Filling all 151 ESG indicators with real data...
[2026-03-24 21:21:11] ✅ Complete 151/151 system: 151 indicators filled
[2026-03-24 21:21:11] 📊 Processing 21 ESG modules and validating indicators...
[2026-03-24 21:21:11] ✅ Year 2026 completed:
[2026-03-24 21:21:11]    • Complete 151/151 Indicators: All filled with real data
[2026-03-24 21:21:11]    • Total Indicators: 131
[2026-03-24 21:21:11]    • Processed: 131
[2026-03-24 21:21:11]    • Failed: 0
[2026-03-24 21:21:11]    • Modules: 17
[2026-03-24 21:21:11]    • Processing Time: 0.3s
[2026-03-24 21:21:11] 🎉 Pipeline completed successfully for all 1 years
[2026-03-24 21:21:11] 📈 Pipeline Summary:
[2026-03-24 21:21:11]    • Company: Bajaj Finance Ltd (ID: 13)
[2026-03-24 21:21:11]    • Years Processed: [2026]
[2026-03-24 21:21:11]    • Years Failed: []
[2026-03-24 21:21:11]    • ESG Modules: 21 (GHG, Energy, Water, Waste, OHS, etc.)
[2026-03-24 21:21:11]    • Total Indicators: 151/151 (100% coverage with real data)
[2026-03-24 21:21:11]    • Standards: BRSR, CDP, EcoVadis, GRI
[2026-03-24 21:21:11] 📁 Company data snapshot exported
