[2026-03-24 21:02:31] 🚀 Started ESG processing pipeline for company='TORRENT POWER LIMITED', years=[2026]
[2026-03-24 21:02:31] 📅 Processing years: [2026]
[2026-03-24 21:02:31] 🔄 Starting ESG processing for year 2026...
[2026-03-24 21:02:31] 📝 Filling all 151 ESG indicators with real data...
[2026-03-24 21:02:31] ✅ Complete 151/151 system: 0 indicators filled
[2026-03-24 21:02:31] 📊 Processing 21 ESG modules and validating indicators...
[2026-03-24 21:02:32] ✅ Year 2026 completed:
[2026-03-24 21:02:32]    • Complete 151/151 Indicators: All filled with real data
[2026-03-24 21:02:32]    • Total Indicators: 131
[2026-03-24 21:02:32]    • Processed: 131
[2026-03-24 21:02:32]    • Failed: 0
[2026-03-24 21:02:32]    • Modules: 17
[2026-03-24 21:02:32]    • Processing Time: 0.7s
[2026-03-24 21:02:32] 🎉 Pipeline completed successfully for all 1 years
[2026-03-24 21:02:32] 📈 Pipeline Summary:
[2026-03-24 21:02:32]    • Company: TORRENT POWER LIMITED (ID: 34)
[2026-03-24 21:02:32]    • Years Processed: [2026]
[2026-03-24 21:02:32]    • Years Failed: []
[2026-03-24 21:02:32]    • ESG Modules: 21 (GHG, Energy, Water, Waste, OHS, etc.)
[2026-03-24 21:02:32]    • Total Indicators: 151/151 (100% coverage with real data)
[2026-03-24 21:02:32]    • Standards: BRSR, CDP, EcoVadis, GRI
[2026-03-24 21:02:32] 📁 Company data snapshot exported
