[2026-03-24 22:19:52] 🚀 Started ESG processing pipeline for company='HCL TECHNOLOGIES FRANCE', years=[2025]
[2026-03-24 22:19:52] 📅 Processing years: [2025]
[2026-03-24 22:19:52] 🔄 Starting ESG processing for year 2025...
[2026-03-24 22:19:52] 📝 Filling all 151 ESG indicators with real data...
[2026-03-24 22:19:52] ✅ Complete 151/151 system: 151 indicators filled
[2026-03-24 22:19:52] 📊 Processing 21 ESG modules and validating indicators...
[2026-03-24 22:19:52] ✅ Year 2025 completed:
[2026-03-24 22:19:52]    • Complete 151/151 Indicators: All filled with real data
[2026-03-24 22:19:52]    • Total Indicators: 131
[2026-03-24 22:19:52]    • Processed: 131
[2026-03-24 22:19:52]    • Failed: 0
[2026-03-24 22:19:52]    • Modules: 17
[2026-03-24 22:19:52]    • Processing Time: 0.3s
[2026-03-24 22:19:52] 🎉 Pipeline completed successfully for all 1 years
[2026-03-24 22:19:52] 📈 Pipeline Summary:
[2026-03-24 22:19:52]    • Company: HCL TECHNOLOGIES FRANCE (ID: 11)
[2026-03-24 22:19:52]    • Years Processed: [2025]
[2026-03-24 22:19:52]    • Years Failed: []
[2026-03-24 22:19:52]    • ESG Modules: 21 (GHG, Energy, Water, Waste, OHS, etc.)
[2026-03-24 22:19:52]    • Total Indicators: 151/151 (100% coverage with real data)
[2026-03-24 22:19:52]    • Standards: BRSR, CDP, EcoVadis, GRI
[2026-03-24 22:19:52] 📁 Company data snapshot exported
